2024-05-14T18:34:43: ReferenceError: Cannot access 'path' before initialization
2024-05-14T18:34:43:     at Object.<anonymous> (/home/cherifi/Documents/Github/spinal-organ-bacnet-command/src/index.ts:25:34)
2024-05-14T18:34:43:     at Module._compile (node:internal/modules/cjs/loader:1198:14)
2024-05-14T18:34:43:     at Object.Module._extensions..js (node:internal/modules/cjs/loader:1252:10)
2024-05-14T18:34:43:     at Module.load (node:internal/modules/cjs/loader:1076:32)
2024-05-14T18:34:43:     at Function.Module._load (node:internal/modules/cjs/loader:911:12)
2024-05-14T18:34:43:     at Object.<anonymous> (/usr/local/lib/node_modules/pm2/lib/ProcessContainerFork.js:33:23)
2024-05-14T18:34:43:     at Module._compile (node:internal/modules/cjs/loader:1198:14)
2024-05-14T18:34:43:     at Object.Module._extensions..js (node:internal/modules/cjs/loader:1252:10)
2024-05-14T18:34:43:     at Module.load (node:internal/modules/cjs/loader:1076:32)
2024-05-14T18:34:43:     at Function.Module._load (node:internal/modules/cjs/loader:911:12)
2024-05-14T18:34:43: ReferenceError: Cannot access 'path' before initialization
2024-05-14T18:34:43:     at Object.<anonymous> (/home/cherifi/Documents/Github/spinal-organ-bacnet-command/src/index.ts:25:34)
2024-05-14T18:34:43:     at Module._compile (node:internal/modules/cjs/loader:1198:14)
2024-05-14T18:34:43:     at Object.Module._extensions..js (node:internal/modules/cjs/loader:1252:10)
2024-05-14T18:34:43:     at Module.load (node:internal/modules/cjs/loader:1076:32)
2024-05-14T18:34:43:     at Function.Module._load (node:internal/modules/cjs/loader:911:12)
2024-05-14T18:34:43:     at Object.<anonymous> (/usr/local/lib/node_modules/pm2/lib/ProcessContainerFork.js:33:23)
2024-05-14T18:34:43:     at Module._compile (node:internal/modules/cjs/loader:1198:14)
2024-05-14T18:34:43:     at Object.Module._extensions..js (node:internal/modules/cjs/loader:1252:10)
2024-05-14T18:34:43:     at Module.load (node:internal/modules/cjs/loader:1076:32)
2024-05-14T18:34:43:     at Function.Module._load (node:internal/modules/cjs/loader:911:12)
2024-05-14T18:34:43: ReferenceError: Cannot access 'path' before initialization
2024-05-14T18:34:43:     at Object.<anonymous> (/home/cherifi/Documents/Github/spinal-organ-bacnet-command/src/index.ts:25:34)
2024-05-14T18:34:43:     at Module._compile (node:internal/modules/cjs/loader:1198:14)
2024-05-14T18:34:43:     at Object.Module._extensions..js (node:internal/modules/cjs/loader:1252:10)
2024-05-14T18:34:43:     at Module.load (node:internal/modules/cjs/loader:1076:32)
2024-05-14T18:34:43:     at Function.Module._load (node:internal/modules/cjs/loader:911:12)
2024-05-14T18:34:43:     at Object.<anonymous> (/usr/local/lib/node_modules/pm2/lib/ProcessContainerFork.js:33:23)
2024-05-14T18:34:43:     at Module._compile (node:internal/modules/cjs/loader:1198:14)
2024-05-14T18:34:43:     at Object.Module._extensions..js (node:internal/modules/cjs/loader:1252:10)
2024-05-14T18:34:43:     at Module.load (node:internal/modules/cjs/loader:1076:32)
2024-05-14T18:34:43:     at Function.Module._load (node:internal/modules/cjs/loader:911:12)
2024-05-14T18:34:43: ReferenceError: Cannot access 'path' before initialization
2024-05-14T18:34:43:     at Object.<anonymous> (/home/cherifi/Documents/Github/spinal-organ-bacnet-command/src/index.ts:25:34)
2024-05-14T18:34:43:     at Module._compile (node:internal/modules/cjs/loader:1198:14)
2024-05-14T18:34:43:     at Object.Module._extensions..js (node:internal/modules/cjs/loader:1252:10)
2024-05-14T18:34:43:     at Module.load (node:internal/modules/cjs/loader:1076:32)
2024-05-14T18:34:43:     at Function.Module._load (node:internal/modules/cjs/loader:911:12)
2024-05-14T18:34:43:     at Object.<anonymous> (/usr/local/lib/node_modules/pm2/lib/ProcessContainerFork.js:33:23)
2024-05-14T18:34:43:     at Module._compile (node:internal/modules/cjs/loader:1198:14)
2024-05-14T18:34:43:     at Object.Module._extensions..js (node:internal/modules/cjs/loader:1252:10)
2024-05-14T18:34:43:     at Module.load (node:internal/modules/cjs/loader:1076:32)
2024-05-14T18:34:43:     at Function.Module._load (node:internal/modules/cjs/loader:911:12)
2024-05-14T18:34:44: ReferenceError: Cannot access 'path' before initialization
2024-05-14T18:34:44:     at Object.<anonymous> (/home/cherifi/Documents/Github/spinal-organ-bacnet-command/src/index.ts:25:34)
2024-05-14T18:34:44:     at Module._compile (node:internal/modules/cjs/loader:1198:14)
2024-05-14T18:34:44:     at Object.Module._extensions..js (node:internal/modules/cjs/loader:1252:10)
2024-05-14T18:34:44:     at Module.load (node:internal/modules/cjs/loader:1076:32)
2024-05-14T18:34:44:     at Function.Module._load (node:internal/modules/cjs/loader:911:12)
2024-05-14T18:34:44:     at Object.<anonymous> (/usr/local/lib/node_modules/pm2/lib/ProcessContainerFork.js:33:23)
2024-05-14T18:34:44:     at Module._compile (node:internal/modules/cjs/loader:1198:14)
2024-05-14T18:34:44:     at Object.Module._extensions..js (node:internal/modules/cjs/loader:1252:10)
2024-05-14T18:34:44:     at Module.load (node:internal/modules/cjs/loader:1076:32)
2024-05-14T18:34:44:     at Function.Module._load (node:internal/modules/cjs/loader:911:12)
2024-05-14T18:34:44: ReferenceError: Cannot access 'path' before initialization
2024-05-14T18:34:44:     at Object.<anonymous> (/home/cherifi/Documents/Github/spinal-organ-bacnet-command/src/index.ts:25:34)
2024-05-14T18:34:44:     at Module._compile (node:internal/modules/cjs/loader:1198:14)
2024-05-14T18:34:44:     at Object.Module._extensions..js (node:internal/modules/cjs/loader:1252:10)
2024-05-14T18:34:44:     at Module.load (node:internal/modules/cjs/loader:1076:32)
2024-05-14T18:34:44:     at Function.Module._load (node:internal/modules/cjs/loader:911:12)
2024-05-14T18:34:44:     at Object.<anonymous> (/usr/local/lib/node_modules/pm2/lib/ProcessContainerFork.js:33:23)
2024-05-14T18:34:44:     at Module._compile (node:internal/modules/cjs/loader:1198:14)
2024-05-14T18:34:44:     at Object.Module._extensions..js (node:internal/modules/cjs/loader:1252:10)
2024-05-14T18:34:44:     at Module.load (node:internal/modules/cjs/loader:1076:32)
2024-05-14T18:34:44:     at Function.Module._load (node:internal/modules/cjs/loader:911:12)
2024-05-14T18:34:44: ReferenceError: Cannot access 'path' before initialization
2024-05-14T18:34:44:     at Object.<anonymous> (/home/cherifi/Documents/Github/spinal-organ-bacnet-command/src/index.ts:25:34)
2024-05-14T18:34:44:     at Module._compile (node:internal/modules/cjs/loader:1198:14)
2024-05-14T18:34:44:     at Object.Module._extensions..js (node:internal/modules/cjs/loader:1252:10)
2024-05-14T18:34:44:     at Module.load (node:internal/modules/cjs/loader:1076:32)
2024-05-14T18:34:44:     at Function.Module._load (node:internal/modules/cjs/loader:911:12)
2024-05-14T18:34:44:     at Object.<anonymous> (/usr/local/lib/node_modules/pm2/lib/ProcessContainerFork.js:33:23)
2024-05-14T18:34:44:     at Module._compile (node:internal/modules/cjs/loader:1198:14)
2024-05-14T18:34:44:     at Object.Module._extensions..js (node:internal/modules/cjs/loader:1252:10)
2024-05-14T18:34:44:     at Module.load (node:internal/modules/cjs/loader:1076:32)
2024-05-14T18:34:44:     at Function.Module._load (node:internal/modules/cjs/loader:911:12)
2024-05-14T18:34:44: ReferenceError: Cannot access 'path' before initialization
2024-05-14T18:34:44:     at Object.<anonymous> (/home/cherifi/Documents/Github/spinal-organ-bacnet-command/src/index.ts:25:34)
2024-05-14T18:34:44:     at Module._compile (node:internal/modules/cjs/loader:1198:14)
2024-05-14T18:34:44:     at Object.Module._extensions..js (node:internal/modules/cjs/loader:1252:10)
2024-05-14T18:34:44:     at Module.load (node:internal/modules/cjs/loader:1076:32)
2024-05-14T18:34:44:     at Function.Module._load (node:internal/modules/cjs/loader:911:12)
2024-05-14T18:34:44:     at Object.<anonymous> (/usr/local/lib/node_modules/pm2/lib/ProcessContainerFork.js:33:23)
2024-05-14T18:34:44:     at Module._compile (node:internal/modules/cjs/loader:1198:14)
2024-05-14T18:34:44:     at Object.Module._extensions..js (node:internal/modules/cjs/loader:1252:10)
2024-05-14T18:34:44:     at Module.load (node:internal/modules/cjs/loader:1076:32)
2024-05-14T18:34:44:     at Function.Module._load (node:internal/modules/cjs/loader:911:12)
2024-05-14T18:34:44: ReferenceError: Cannot access 'path' before initialization
2024-05-14T18:34:44:     at Object.<anonymous> (/home/cherifi/Documents/Github/spinal-organ-bacnet-command/src/index.ts:25:34)
2024-05-14T18:34:44:     at Module._compile (node:internal/modules/cjs/loader:1198:14)
2024-05-14T18:34:44:     at Object.Module._extensions..js (node:internal/modules/cjs/loader:1252:10)
2024-05-14T18:34:44:     at Module.load (node:internal/modules/cjs/loader:1076:32)
2024-05-14T18:34:44:     at Function.Module._load (node:internal/modules/cjs/loader:911:12)
2024-05-14T18:34:44:     at Object.<anonymous> (/usr/local/lib/node_modules/pm2/lib/ProcessContainerFork.js:33:23)
2024-05-14T18:34:44:     at Module._compile (node:internal/modules/cjs/loader:1198:14)
2024-05-14T18:34:44:     at Object.Module._extensions..js (node:internal/modules/cjs/loader:1252:10)
2024-05-14T18:34:44:     at Module.load (node:internal/modules/cjs/loader:1076:32)
2024-05-14T18:34:44:     at Function.Module._load (node:internal/modules/cjs/loader:911:12)
2024-05-14T18:34:44: ReferenceError: Cannot access 'path' before initialization
2024-05-14T18:34:44:     at Object.<anonymous> (/home/cherifi/Documents/Github/spinal-organ-bacnet-command/src/index.ts:25:34)
2024-05-14T18:34:44:     at Module._compile (node:internal/modules/cjs/loader:1198:14)
2024-05-14T18:34:44:     at Object.Module._extensions..js (node:internal/modules/cjs/loader:1252:10)
2024-05-14T18:34:44:     at Module.load (node:internal/modules/cjs/loader:1076:32)
2024-05-14T18:34:44:     at Function.Module._load (node:internal/modules/cjs/loader:911:12)
2024-05-14T18:34:44:     at Object.<anonymous> (/usr/local/lib/node_modules/pm2/lib/ProcessContainerFork.js:33:23)
2024-05-14T18:34:44:     at Module._compile (node:internal/modules/cjs/loader:1198:14)
2024-05-14T18:34:44:     at Object.Module._extensions..js (node:internal/modules/cjs/loader:1252:10)
2024-05-14T18:34:44:     at Module.load (node:internal/modules/cjs/loader:1076:32)
2024-05-14T18:34:44:     at Function.Module._load (node:internal/modules/cjs/loader:911:12)
2024-05-14T18:34:44: ReferenceError: Cannot access 'path' before initialization
2024-05-14T18:34:44:     at Object.<anonymous> (/home/cherifi/Documents/Github/spinal-organ-bacnet-command/src/index.ts:25:34)
2024-05-14T18:34:44:     at Module._compile (node:internal/modules/cjs/loader:1198:14)
2024-05-14T18:34:44:     at Object.Module._extensions..js (node:internal/modules/cjs/loader:1252:10)
2024-05-14T18:34:44:     at Module.load (node:internal/modules/cjs/loader:1076:32)
2024-05-14T18:34:44:     at Function.Module._load (node:internal/modules/cjs/loader:911:12)
2024-05-14T18:34:44:     at Object.<anonymous> (/usr/local/lib/node_modules/pm2/lib/ProcessContainerFork.js:33:23)
2024-05-14T18:34:44:     at Module._compile (node:internal/modules/cjs/loader:1198:14)
2024-05-14T18:34:44:     at Object.Module._extensions..js (node:internal/modules/cjs/loader:1252:10)
2024-05-14T18:34:44:     at Module.load (node:internal/modules/cjs/loader:1076:32)
2024-05-14T18:34:44:     at Function.Module._load (node:internal/modules/cjs/loader:911:12)
2024-05-14T18:34:44: ReferenceError: Cannot access 'path' before initialization
2024-05-14T18:34:44:     at Object.<anonymous> (/home/cherifi/Documents/Github/spinal-organ-bacnet-command/src/index.ts:25:34)
2024-05-14T18:34:44:     at Module._compile (node:internal/modules/cjs/loader:1198:14)
2024-05-14T18:34:44:     at Object.Module._extensions..js (node:internal/modules/cjs/loader:1252:10)
2024-05-14T18:34:44:     at Module.load (node:internal/modules/cjs/loader:1076:32)
2024-05-14T18:34:44:     at Function.Module._load (node:internal/modules/cjs/loader:911:12)
2024-05-14T18:34:44:     at Object.<anonymous> (/usr/local/lib/node_modules/pm2/lib/ProcessContainerFork.js:33:23)
2024-05-14T18:34:44:     at Module._compile (node:internal/modules/cjs/loader:1198:14)
2024-05-14T18:34:44:     at Object.Module._extensions..js (node:internal/modules/cjs/loader:1252:10)
2024-05-14T18:34:44:     at Module.load (node:internal/modules/cjs/loader:1076:32)
2024-05-14T18:34:44:     at Function.Module._load (node:internal/modules/cjs/loader:911:12)
2024-05-14T18:34:44: ReferenceError: Cannot access 'path' before initialization
2024-05-14T18:34:44:     at Object.<anonymous> (/home/cherifi/Documents/Github/spinal-organ-bacnet-command/src/index.ts:25:34)
2024-05-14T18:34:44:     at Module._compile (node:internal/modules/cjs/loader:1198:14)
2024-05-14T18:34:44:     at Object.Module._extensions..js (node:internal/modules/cjs/loader:1252:10)
2024-05-14T18:34:44:     at Module.load (node:internal/modules/cjs/loader:1076:32)
2024-05-14T18:34:44:     at Function.Module._load (node:internal/modules/cjs/loader:911:12)
2024-05-14T18:34:44:     at Object.<anonymous> (/usr/local/lib/node_modules/pm2/lib/ProcessContainerFork.js:33:23)
2024-05-14T18:34:44:     at Module._compile (node:internal/modules/cjs/loader:1198:14)
2024-05-14T18:34:44:     at Object.Module._extensions..js (node:internal/modules/cjs/loader:1252:10)
2024-05-14T18:34:44:     at Module.load (node:internal/modules/cjs/loader:1076:32)
2024-05-14T18:34:44:     at Function.Module._load (node:internal/modules/cjs/loader:911:12)
2024-05-14T18:34:45: ReferenceError: Cannot access 'path' before initialization
2024-05-14T18:34:45:     at Object.<anonymous> (/home/cherifi/Documents/Github/spinal-organ-bacnet-command/src/index.ts:25:34)
2024-05-14T18:34:45:     at Module._compile (node:internal/modules/cjs/loader:1198:14)
2024-05-14T18:34:45:     at Object.Module._extensions..js (node:internal/modules/cjs/loader:1252:10)
2024-05-14T18:34:45:     at Module.load (node:internal/modules/cjs/loader:1076:32)
2024-05-14T18:34:45:     at Function.Module._load (node:internal/modules/cjs/loader:911:12)
2024-05-14T18:34:45:     at Object.<anonymous> (/usr/local/lib/node_modules/pm2/lib/ProcessContainerFork.js:33:23)
2024-05-14T18:34:45:     at Module._compile (node:internal/modules/cjs/loader:1198:14)
2024-05-14T18:34:45:     at Object.Module._extensions..js (node:internal/modules/cjs/loader:1252:10)
2024-05-14T18:34:45:     at Module.load (node:internal/modules/cjs/loader:1076:32)
2024-05-14T18:34:45:     at Function.Module._load (node:internal/modules/cjs/loader:911:12)
2024-05-14T18:34:45: ReferenceError: Cannot access 'path' before initialization
2024-05-14T18:34:45:     at Object.<anonymous> (/home/cherifi/Documents/Github/spinal-organ-bacnet-command/src/index.ts:25:34)
2024-05-14T18:34:45:     at Module._compile (node:internal/modules/cjs/loader:1198:14)
2024-05-14T18:34:45:     at Object.Module._extensions..js (node:internal/modules/cjs/loader:1252:10)
2024-05-14T18:34:45:     at Module.load (node:internal/modules/cjs/loader:1076:32)
2024-05-14T18:34:45:     at Function.Module._load (node:internal/modules/cjs/loader:911:12)
2024-05-14T18:34:45:     at Object.<anonymous> (/usr/local/lib/node_modules/pm2/lib/ProcessContainerFork.js:33:23)
2024-05-14T18:34:45:     at Module._compile (node:internal/modules/cjs/loader:1198:14)
2024-05-14T18:34:45:     at Object.Module._extensions..js (node:internal/modules/cjs/loader:1252:10)
2024-05-14T18:34:45:     at Module.load (node:internal/modules/cjs/loader:1076:32)
2024-05-14T18:34:45:     at Function.Module._load (node:internal/modules/cjs/loader:911:12)
2024-05-14T18:34:45: ReferenceError: Cannot access 'path' before initialization
2024-05-14T18:34:45:     at Object.<anonymous> (/home/cherifi/Documents/Github/spinal-organ-bacnet-command/src/index.ts:25:34)
2024-05-14T18:34:45:     at Module._compile (node:internal/modules/cjs/loader:1198:14)
2024-05-14T18:34:45:     at Object.Module._extensions..js (node:internal/modules/cjs/loader:1252:10)
2024-05-14T18:34:45:     at Module.load (node:internal/modules/cjs/loader:1076:32)
2024-05-14T18:34:45:     at Function.Module._load (node:internal/modules/cjs/loader:911:12)
2024-05-14T18:34:45:     at Object.<anonymous> (/usr/local/lib/node_modules/pm2/lib/ProcessContainerFork.js:33:23)
2024-05-14T18:34:45:     at Module._compile (node:internal/modules/cjs/loader:1198:14)
2024-05-14T18:34:45:     at Object.Module._extensions..js (node:internal/modules/cjs/loader:1252:10)
2024-05-14T18:34:45:     at Module.load (node:internal/modules/cjs/loader:1076:32)
2024-05-14T18:34:45:     at Function.Module._load (node:internal/modules/cjs/loader:911:12)
2024-05-14T18:35:05: ReferenceError: Cannot access 'path' before initialization
2024-05-14T18:35:05:     at Object.<anonymous> (/home/cherifi/Documents/Github/spinal-organ-bacnet-command/src/index.ts:25:34)
2024-05-14T18:35:05:     at Module._compile (node:internal/modules/cjs/loader:1198:14)
2024-05-14T18:35:05:     at Object.Module._extensions..js (node:internal/modules/cjs/loader:1252:10)
2024-05-14T18:35:05:     at Module.load (node:internal/modules/cjs/loader:1076:32)
2024-05-14T18:35:05:     at Function.Module._load (node:internal/modules/cjs/loader:911:12)
2024-05-14T18:35:05:     at Object.<anonymous> (/usr/local/lib/node_modules/pm2/lib/ProcessContainerFork.js:33:23)
2024-05-14T18:35:05:     at Module._compile (node:internal/modules/cjs/loader:1198:14)
2024-05-14T18:35:05:     at Object.Module._extensions..js (node:internal/modules/cjs/loader:1252:10)
2024-05-14T18:35:05:     at Module.load (node:internal/modules/cjs/loader:1076:32)
2024-05-14T18:35:05:     at Function.Module._load (node:internal/modules/cjs/loader:911:12)
2024-05-14T18:35:05: ReferenceError: Cannot access 'path' before initialization
2024-05-14T18:35:05:     at Object.<anonymous> (/home/cherifi/Documents/Github/spinal-organ-bacnet-command/src/index.ts:25:34)
2024-05-14T18:35:05:     at Module._compile (node:internal/modules/cjs/loader:1198:14)
2024-05-14T18:35:05:     at Object.Module._extensions..js (node:internal/modules/cjs/loader:1252:10)
2024-05-14T18:35:05:     at Module.load (node:internal/modules/cjs/loader:1076:32)
2024-05-14T18:35:05:     at Function.Module._load (node:internal/modules/cjs/loader:911:12)
2024-05-14T18:35:05:     at Object.<anonymous> (/usr/local/lib/node_modules/pm2/lib/ProcessContainerFork.js:33:23)
2024-05-14T18:35:05:     at Module._compile (node:internal/modules/cjs/loader:1198:14)
2024-05-14T18:35:05:     at Object.Module._extensions..js (node:internal/modules/cjs/loader:1252:10)
2024-05-14T18:35:05:     at Module.load (node:internal/modules/cjs/loader:1076:32)
2024-05-14T18:35:05:     at Function.Module._load (node:internal/modules/cjs/loader:911:12)
2024-05-14T18:35:05: ReferenceError: Cannot access 'path' before initialization
2024-05-14T18:35:05:     at Object.<anonymous> (/home/cherifi/Documents/Github/spinal-organ-bacnet-command/src/index.ts:25:34)
2024-05-14T18:35:05:     at Module._compile (node:internal/modules/cjs/loader:1198:14)
2024-05-14T18:35:05:     at Object.Module._extensions..js (node:internal/modules/cjs/loader:1252:10)
2024-05-14T18:35:05:     at Module.load (node:internal/modules/cjs/loader:1076:32)
2024-05-14T18:35:05:     at Function.Module._load (node:internal/modules/cjs/loader:911:12)
2024-05-14T18:35:05:     at Object.<anonymous> (/usr/local/lib/node_modules/pm2/lib/ProcessContainerFork.js:33:23)
2024-05-14T18:35:05:     at Module._compile (node:internal/modules/cjs/loader:1198:14)
2024-05-14T18:35:05:     at Object.Module._extensions..js (node:internal/modules/cjs/loader:1252:10)
2024-05-14T18:35:05:     at Module.load (node:internal/modules/cjs/loader:1076:32)
2024-05-14T18:35:05:     at Function.Module._load (node:internal/modules/cjs/loader:911:12)
2024-05-14T18:35:05: ReferenceError: Cannot access 'path' before initialization
2024-05-14T18:35:05:     at Object.<anonymous> (/home/cherifi/Documents/Github/spinal-organ-bacnet-command/src/index.ts:25:34)
2024-05-14T18:35:05:     at Module._compile (node:internal/modules/cjs/loader:1198:14)
2024-05-14T18:35:05:     at Object.Module._extensions..js (node:internal/modules/cjs/loader:1252:10)
2024-05-14T18:35:05:     at Module.load (node:internal/modules/cjs/loader:1076:32)
2024-05-14T18:35:05:     at Function.Module._load (node:internal/modules/cjs/loader:911:12)
2024-05-14T18:35:05:     at Object.<anonymous> (/usr/local/lib/node_modules/pm2/lib/ProcessContainerFork.js:33:23)
2024-05-14T18:35:05:     at Module._compile (node:internal/modules/cjs/loader:1198:14)
2024-05-14T18:35:05:     at Object.Module._extensions..js (node:internal/modules/cjs/loader:1252:10)
2024-05-14T18:35:05:     at Module.load (node:internal/modules/cjs/loader:1076:32)
2024-05-14T18:35:05:     at Function.Module._load (node:internal/modules/cjs/loader:911:12)
2024-05-14T18:35:05: ReferenceError: Cannot access 'path' before initialization
2024-05-14T18:35:05:     at Object.<anonymous> (/home/cherifi/Documents/Github/spinal-organ-bacnet-command/src/index.ts:25:34)
2024-05-14T18:35:05:     at Module._compile (node:internal/modules/cjs/loader:1198:14)
2024-05-14T18:35:05:     at Object.Module._extensions..js (node:internal/modules/cjs/loader:1252:10)
2024-05-14T18:35:05:     at Module.load (node:internal/modules/cjs/loader:1076:32)
2024-05-14T18:35:05:     at Function.Module._load (node:internal/modules/cjs/loader:911:12)
2024-05-14T18:35:05:     at Object.<anonymous> (/usr/local/lib/node_modules/pm2/lib/ProcessContainerFork.js:33:23)
2024-05-14T18:35:05:     at Module._compile (node:internal/modules/cjs/loader:1198:14)
2024-05-14T18:35:05:     at Object.Module._extensions..js (node:internal/modules/cjs/loader:1252:10)
2024-05-14T18:35:05:     at Module.load (node:internal/modules/cjs/loader:1076:32)
2024-05-14T18:35:05:     at Function.Module._load (node:internal/modules/cjs/loader:911:12)
2024-05-14T18:35:05: ReferenceError: Cannot access 'path' before initialization
2024-05-14T18:35:05:     at Object.<anonymous> (/home/cherifi/Documents/Github/spinal-organ-bacnet-command/src/index.ts:25:34)
2024-05-14T18:35:05:     at Module._compile (node:internal/modules/cjs/loader:1198:14)
2024-05-14T18:35:05:     at Object.Module._extensions..js (node:internal/modules/cjs/loader:1252:10)
2024-05-14T18:35:05:     at Module.load (node:internal/modules/cjs/loader:1076:32)
2024-05-14T18:35:05:     at Function.Module._load (node:internal/modules/cjs/loader:911:12)
2024-05-14T18:35:05:     at Object.<anonymous> (/usr/local/lib/node_modules/pm2/lib/ProcessContainerFork.js:33:23)
2024-05-14T18:35:05:     at Module._compile (node:internal/modules/cjs/loader:1198:14)
2024-05-14T18:35:05:     at Object.Module._extensions..js (node:internal/modules/cjs/loader:1252:10)
2024-05-14T18:35:05:     at Module.load (node:internal/modules/cjs/loader:1076:32)
2024-05-14T18:35:05:     at Function.Module._load (node:internal/modules/cjs/loader:911:12)
2024-05-14T18:35:05: ReferenceError: Cannot access 'path' before initialization
2024-05-14T18:35:05:     at Object.<anonymous> (/home/cherifi/Documents/Github/spinal-organ-bacnet-command/src/index.ts:25:34)
2024-05-14T18:35:05:     at Module._compile (node:internal/modules/cjs/loader:1198:14)
2024-05-14T18:35:05:     at Object.Module._extensions..js (node:internal/modules/cjs/loader:1252:10)
2024-05-14T18:35:05:     at Module.load (node:internal/modules/cjs/loader:1076:32)
2024-05-14T18:35:05:     at Function.Module._load (node:internal/modules/cjs/loader:911:12)
2024-05-14T18:35:05:     at Object.<anonymous> (/usr/local/lib/node_modules/pm2/lib/ProcessContainerFork.js:33:23)
2024-05-14T18:35:05:     at Module._compile (node:internal/modules/cjs/loader:1198:14)
2024-05-14T18:35:05:     at Object.Module._extensions..js (node:internal/modules/cjs/loader:1252:10)
2024-05-14T18:35:05:     at Module.load (node:internal/modules/cjs/loader:1076:32)
2024-05-14T18:35:05:     at Function.Module._load (node:internal/modules/cjs/loader:911:12)
2024-05-14T18:35:06: ReferenceError: Cannot access 'path' before initialization
2024-05-14T18:35:06:     at Object.<anonymous> (/home/cherifi/Documents/Github/spinal-organ-bacnet-command/src/index.ts:25:34)
2024-05-14T18:35:06:     at Module._compile (node:internal/modules/cjs/loader:1198:14)
2024-05-14T18:35:06:     at Object.Module._extensions..js (node:internal/modules/cjs/loader:1252:10)
2024-05-14T18:35:06:     at Module.load (node:internal/modules/cjs/loader:1076:32)
2024-05-14T18:35:06:     at Function.Module._load (node:internal/modules/cjs/loader:911:12)
2024-05-14T18:35:06:     at Object.<anonymous> (/usr/local/lib/node_modules/pm2/lib/ProcessContainerFork.js:33:23)
2024-05-14T18:35:06:     at Module._compile (node:internal/modules/cjs/loader:1198:14)
2024-05-14T18:35:06:     at Object.Module._extensions..js (node:internal/modules/cjs/loader:1252:10)
2024-05-14T18:35:06:     at Module.load (node:internal/modules/cjs/loader:1076:32)
2024-05-14T18:35:06:     at Function.Module._load (node:internal/modules/cjs/loader:911:12)
2024-05-14T18:35:06: ReferenceError: Cannot access 'path' before initialization
2024-05-14T18:35:06:     at Object.<anonymous> (/home/cherifi/Documents/Github/spinal-organ-bacnet-command/src/index.ts:25:34)
2024-05-14T18:35:06:     at Module._compile (node:internal/modules/cjs/loader:1198:14)
2024-05-14T18:35:06:     at Object.Module._extensions..js (node:internal/modules/cjs/loader:1252:10)
2024-05-14T18:35:06:     at Module.load (node:internal/modules/cjs/loader:1076:32)
2024-05-14T18:35:06:     at Function.Module._load (node:internal/modules/cjs/loader:911:12)
2024-05-14T18:35:06:     at Object.<anonymous> (/usr/local/lib/node_modules/pm2/lib/ProcessContainerFork.js:33:23)
2024-05-14T18:35:06:     at Module._compile (node:internal/modules/cjs/loader:1198:14)
2024-05-14T18:35:06:     at Object.Module._extensions..js (node:internal/modules/cjs/loader:1252:10)
2024-05-14T18:35:06:     at Module.load (node:internal/modules/cjs/loader:1076:32)
2024-05-14T18:35:06:     at Function.Module._load (node:internal/modules/cjs/loader:911:12)
2024-05-14T18:35:06: ReferenceError: Cannot access 'path' before initialization
2024-05-14T18:35:06:     at Object.<anonymous> (/home/cherifi/Documents/Github/spinal-organ-bacnet-command/src/index.ts:25:34)
2024-05-14T18:35:06:     at Module._compile (node:internal/modules/cjs/loader:1198:14)
2024-05-14T18:35:06:     at Object.Module._extensions..js (node:internal/modules/cjs/loader:1252:10)
2024-05-14T18:35:06:     at Module.load (node:internal/modules/cjs/loader:1076:32)
2024-05-14T18:35:06:     at Function.Module._load (node:internal/modules/cjs/loader:911:12)
2024-05-14T18:35:06:     at Object.<anonymous> (/usr/local/lib/node_modules/pm2/lib/ProcessContainerFork.js:33:23)
2024-05-14T18:35:06:     at Module._compile (node:internal/modules/cjs/loader:1198:14)
2024-05-14T18:35:06:     at Object.Module._extensions..js (node:internal/modules/cjs/loader:1252:10)
2024-05-14T18:35:06:     at Module.load (node:internal/modules/cjs/loader:1076:32)
2024-05-14T18:35:06:     at Function.Module._load (node:internal/modules/cjs/loader:911:12)
2024-05-14T18:35:06: ReferenceError: Cannot access 'path' before initialization
2024-05-14T18:35:06:     at Object.<anonymous> (/home/cherifi/Documents/Github/spinal-organ-bacnet-command/src/index.ts:25:34)
2024-05-14T18:35:06:     at Module._compile (node:internal/modules/cjs/loader:1198:14)
2024-05-14T18:35:06:     at Object.Module._extensions..js (node:internal/modules/cjs/loader:1252:10)
2024-05-14T18:35:06:     at Module.load (node:internal/modules/cjs/loader:1076:32)
2024-05-14T18:35:06:     at Function.Module._load (node:internal/modules/cjs/loader:911:12)
2024-05-14T18:35:06:     at Object.<anonymous> (/usr/local/lib/node_modules/pm2/lib/ProcessContainerFork.js:33:23)
2024-05-14T18:35:06:     at Module._compile (node:internal/modules/cjs/loader:1198:14)
2024-05-14T18:35:06:     at Object.Module._extensions..js (node:internal/modules/cjs/loader:1252:10)
2024-05-14T18:35:06:     at Module.load (node:internal/modules/cjs/loader:1076:32)
2024-05-14T18:35:06:     at Function.Module._load (node:internal/modules/cjs/loader:911:12)
2024-05-14T18:35:06: ReferenceError: Cannot access 'path' before initialization
2024-05-14T18:35:06:     at Object.<anonymous> (/home/cherifi/Documents/Github/spinal-organ-bacnet-command/src/index.ts:25:34)
2024-05-14T18:35:06:     at Module._compile (node:internal/modules/cjs/loader:1198:14)
2024-05-14T18:35:06:     at Object.Module._extensions..js (node:internal/modules/cjs/loader:1252:10)
2024-05-14T18:35:06:     at Module.load (node:internal/modules/cjs/loader:1076:32)
2024-05-14T18:35:06:     at Function.Module._load (node:internal/modules/cjs/loader:911:12)
2024-05-14T18:35:06:     at Object.<anonymous> (/usr/local/lib/node_modules/pm2/lib/ProcessContainerFork.js:33:23)
2024-05-14T18:35:06:     at Module._compile (node:internal/modules/cjs/loader:1198:14)
2024-05-14T18:35:06:     at Object.Module._extensions..js (node:internal/modules/cjs/loader:1252:10)
2024-05-14T18:35:06:     at Module.load (node:internal/modules/cjs/loader:1076:32)
2024-05-14T18:35:06:     at Function.Module._load (node:internal/modules/cjs/loader:911:12)
2024-05-14T18:35:06: ReferenceError: Cannot access 'path' before initialization
2024-05-14T18:35:06:     at Object.<anonymous> (/home/cherifi/Documents/Github/spinal-organ-bacnet-command/src/index.ts:25:34)
2024-05-14T18:35:06:     at Module._compile (node:internal/modules/cjs/loader:1198:14)
2024-05-14T18:35:06:     at Object.Module._extensions..js (node:internal/modules/cjs/loader:1252:10)
2024-05-14T18:35:06:     at Module.load (node:internal/modules/cjs/loader:1076:32)
2024-05-14T18:35:06:     at Function.Module._load (node:internal/modules/cjs/loader:911:12)
2024-05-14T18:35:06:     at Object.<anonymous> (/usr/local/lib/node_modules/pm2/lib/ProcessContainerFork.js:33:23)
2024-05-14T18:35:06:     at Module._compile (node:internal/modules/cjs/loader:1198:14)
2024-05-14T18:35:06:     at Object.Module._extensions..js (node:internal/modules/cjs/loader:1252:10)
2024-05-14T18:35:06:     at Module.load (node:internal/modules/cjs/loader:1076:32)
2024-05-14T18:35:06:     at Function.Module._load (node:internal/modules/cjs/loader:911:12)
2024-05-14T18:35:06: ReferenceError: Cannot access 'path' before initialization
2024-05-14T18:35:06:     at Object.<anonymous> (/home/cherifi/Documents/Github/spinal-organ-bacnet-command/src/index.ts:25:34)
2024-05-14T18:35:06:     at Module._compile (node:internal/modules/cjs/loader:1198:14)
2024-05-14T18:35:06:     at Object.Module._extensions..js (node:internal/modules/cjs/loader:1252:10)
2024-05-14T18:35:06:     at Module.load (node:internal/modules/cjs/loader:1076:32)
2024-05-14T18:35:06:     at Function.Module._load (node:internal/modules/cjs/loader:911:12)
2024-05-14T18:35:06:     at Object.<anonymous> (/usr/local/lib/node_modules/pm2/lib/ProcessContainerFork.js:33:23)
2024-05-14T18:35:06:     at Module._compile (node:internal/modules/cjs/loader:1198:14)
2024-05-14T18:35:06:     at Object.Module._extensions..js (node:internal/modules/cjs/loader:1252:10)
2024-05-14T18:35:06:     at Module.load (node:internal/modules/cjs/loader:1076:32)
2024-05-14T18:35:06:     at Function.Module._load (node:internal/modules/cjs/loader:911:12)
2024-05-14T18:35:06: ReferenceError: Cannot access 'path' before initialization
2024-05-14T18:35:06:     at Object.<anonymous> (/home/cherifi/Documents/Github/spinal-organ-bacnet-command/src/index.ts:25:34)
2024-05-14T18:35:06:     at Module._compile (node:internal/modules/cjs/loader:1198:14)
2024-05-14T18:35:06:     at Object.Module._extensions..js (node:internal/modules/cjs/loader:1252:10)
2024-05-14T18:35:06:     at Module.load (node:internal/modules/cjs/loader:1076:32)
2024-05-14T18:35:06:     at Function.Module._load (node:internal/modules/cjs/loader:911:12)
2024-05-14T18:35:06:     at Object.<anonymous> (/usr/local/lib/node_modules/pm2/lib/ProcessContainerFork.js:33:23)
2024-05-14T18:35:06:     at Module._compile (node:internal/modules/cjs/loader:1198:14)
2024-05-14T18:35:06:     at Object.Module._extensions..js (node:internal/modules/cjs/loader:1252:10)
2024-05-14T18:35:06:     at Module.load (node:internal/modules/cjs/loader:1076:32)
2024-05-14T18:35:06:     at Function.Module._load (node:internal/modules/cjs/loader:911:12)
2024-05-14T18:35:06: ReferenceError: Cannot access 'path' before initialization
2024-05-14T18:35:06:     at Object.<anonymous> (/home/cherifi/Documents/Github/spinal-organ-bacnet-command/src/index.ts:25:34)
2024-05-14T18:35:06:     at Module._compile (node:internal/modules/cjs/loader:1198:14)
2024-05-14T18:35:06:     at Object.Module._extensions..js (node:internal/modules/cjs/loader:1252:10)
2024-05-14T18:35:06:     at Module.load (node:internal/modules/cjs/loader:1076:32)
2024-05-14T18:35:06:     at Function.Module._load (node:internal/modules/cjs/loader:911:12)
2024-05-14T18:35:06:     at Object.<anonymous> (/usr/local/lib/node_modules/pm2/lib/ProcessContainerFork.js:33:23)
2024-05-14T18:35:06:     at Module._compile (node:internal/modules/cjs/loader:1198:14)
2024-05-14T18:35:06:     at Object.Module._extensions..js (node:internal/modules/cjs/loader:1252:10)
2024-05-14T18:35:06:     at Module.load (node:internal/modules/cjs/loader:1076:32)
2024-05-14T18:35:06:     at Function.Module._load (node:internal/modules/cjs/loader:911:12)
